cat: chdir_test_file.txt: No such file or directory
