/Users/kqrw311/workspace/BigDataScript/test/z.bds~.20180802_084343_759/task.z.line_9.id_1.sh: line 6: ./test/failOnce.pl: No such file or directory
